<html>
<body>
<pre>
<h1>µVision Build Log</h1>
<h2>Tool Versions:</h2>
IDE-Version: ¦ÌVision V5.41.0.0
Copyright (C) 2024 ARM Ltd and ARM Germany GmbH. All rights reserved.
License Information: 1 1, 1, LIC=IK1BF-6SDRY-63ZMB-2B1WJ-DGA9A-X67DU
 
Tool Versions:
Toolchain:       MDK-ARM Plus  Version: 5.41.0.0
Toolchain Path:  D:\keil\ARM\ARMCLANG\Bin
C Compiler:      ArmClang.exe V6.22
Assembler:       Armasm.exe V6.22
Linker/Locator:  ArmLink.exe V6.22
Library Manager: ArmAr.exe V6.22
Hex Converter:   FromElf.exe V6.22
CPU DLL:         SARMCM3.DLL V5.41.0.0
Dialog DLL:      DARMCM1.DLL V1.19.6.0
Target DLL:      Segger\JL2CM3.dll V2.99.45.0
Dialog DLL:      TARMCM1.DLL V1.14.6.0
 
<h2>Project:</h2>
E:\study_2\mspm0g3507\mspm0_sdk_2_05_00_05\MSPM0G3507_FreeRTOS\keil\empty_LP_MSPM0G3507_nortos_keil.uvprojx
Project File Date:  04/11/2026

<h2>Output:</h2>
*** Using Compiler 'V6.22', folder: 'D:\keil\ARM\ARMCLANG\Bin'
Build target 'empty_LP_MSPM0G3507_nortos_keil'
Before Build - User command #1: cmd.exe /C "E:\study_2\mspm0g3507\mspm0_sdk_2_05_00_05\MSPM0G3507_FreeRTOS\keil\../../tools/keil/syscfg.bat 'E:\study_2\mspm0g3507\mspm0_sdk_2_05_00_05\MSPM0G3507_FreeRTOS\keil\' empty.syscfg"
Couldn't find Sysconfig Tool "D:\TI_SYSCONFIG\sysconfig_cli.bat"
"Update the file located at <sdk path>/tools/keil/syscfg.bat"
compiling list.c...
compiling croutine.c...
compiling event_groups.c...
compiling heap_4.c...
compiling stream_buffer.c...
compiling tim_delay.c...
compiling timers.c...
compiling queue.c...
compiling tasks.c...
assembling startup_mspm0g350x_uvision.s...
compiling empty.c...
compiling board_led.c...
compiling port.c...
compiling UART0_Debug.c...
compiling ti_msp_dl_config.c...
linking...
Program Size: Code=14420 RO-data=380 RW-data=8 ZI-data=11392  
FromELF: creating hex file...
".\Objects\empty_LP_MSPM0G3507_nortos_keil.axf" - 0 Error(s), 0 Warning(s).

<h2>Software Packages used:</h2>

Package Vendor: TexasInstruments
                https://software-dl.ti.com/msp430/esd/MSPM0-CMSIS/MSPM0G1X0X_G3X0X/latest/exports/TexasInstruments.MSPM0G1X0X_G3X0X_DFP.1.3.1.pack
                TexasInstruments::MSPM0G1X0X_G3X0X_DFP@1.3.1
                Device Family Pack for Texas Instruments MSPM0G1X0X_G3X0X Series

<h2>Collection of Component include folders:</h2>

<h2>Collection of Component Files used:</h2>
Build Time Elapsed:  00:00:01
</pre>
</body>
</html>
